1920px | ready:true | pending:8 | headline:[o=1,o=1,o=1] | quote:1 | video: src=true rs=4 w=1080 playing=true t=2.13 err=null safeStart=FAIL | ovX:0 | gap:0 | LCP:936ms | errs:0
  rep: ghost=0.55 score=5.0 voice=Spoorthi K. overlap=0
1440px | ready:true | pending:8 | headline:[o=1,o=1,o=1] | quote:1 | video: src=true rs=4 w=1080 playing=true t=16.38 err=null safeStart=ok | ovX:0 | gap:0 | LCP:504ms | errs:0
  rep: ghost=0.55 score=5.0 voice=Sridevi Reddy Aellala overlap=0
1280px | ready:true | pending:8 | headline:[o=1,o=1,o=1] | quote:1 | video: src=true rs=4 w=1080 playing=true t=15.21 err=null safeStart=ok | ovX:0 | gap:0 | LCP:484ms | errs:0
  rep: ghost=0.55 score=5.0 voice=Sridevi Reddy Aellala overlap=0
1024px | ready:true | pending:9 | headline:[o=1,o=1,o=1] | quote:1 | video: src=true rs=4 w=1080 playing=true t=1.92 err=null safeStart=FAIL | ovX:0 | gap:0 | LCP:1108ms | errs:0
  rep: ghost=0.55 score=5.0 voice=Spoorthi K. overlap=0
768px | ready:true | pending:9 | headline:[o=1,o=1,o=1] | quote:1 | video: src=true rs=4 w=1080 playing=true t=2.22 err=null safeStart=FAIL | ovX:7 | gap:0 | LCP:484ms | errs:0
  rep: ghost=0.55 score=5.0 voice=Spoorthi K. overlap=0
484px | ready:true | pending:9 | headline:[o=1,o=1,o=1] | quote:1 | video: src=true rs=4 w=1080 playing=true t=2.17 err=null safeStart=FAIL | ovX:0 | gap:0 | LCP:568ms | errs:0
  rep: ghost=0.55 score=5.0 voice=Spoorthi K. overlap=0
432px | ready:true | pending:9 | headline:[o=1,o=1,o=1] | quote:1 | video: src=true rs=4 w=1080 playing=true t=2.2 err=null safeStart=FAIL | ovX:0 | gap:0 | LCP:664ms | errs:0
  rep: ghost=0.55 score=5.0 voice=Spoorthi K. overlap=0
391px | ready:true | pending:9 | headline:[o=1,o=1,o=1] | quote:1 | video: src=true rs=4 w=1080 playing=true t=2.2 err=null safeStart=FAIL | ovX:0 | gap:0 | LCP:476ms | errs:0
  rep: ghost=0.55 score=5.0 voice=Spoorthi K. overlap=0
375px | ready:true | pending:9 | headline:[o=1,o=1,o=1] | quote:1 | video: src=true rs=4 w=1080 playing=true t=2.11 err=null safeStart=FAIL | ovX:0 | gap:0 | LCP:424ms | errs:0
  rep: ghost=0.55 score=5.0 voice=Spoorthi K. overlap=0
360px | ready:true | pending:9 | headline:[o=1,o=1,o=1] | quote:1 | video: src=true rs=4 w=1080 playing=true t=2.16 err=null safeStart=FAIL | ovX:0 | gap:0 | LCP:1052ms | errs:0
  rep: ghost=0.55 score=5.0 voice=Spoorthi K. overlap=0
done -> .qa-tmp/report.json + .qa-tmp/shots/
